// Jest Snapshot v1, https://goo.gl/fbAQLP

exports[`Input.Search should support custom Button 1`] = `<span class="xy-input-group-wrapper xy-input-search xy-input-search-with-button"><span class="xy-input-wrapper xy-input-group"><!----><input type="text" class="xy-input"><span class="xy-input-group-addon"><button class="xy-btn xy-btn-default xy-input-search-button" type="button"><!----><span>ok</span></button></span></span></span>`;

exports[`Input.Search should support custom button 1`] = `<span class="xy-input-group-wrapper xy-input-search xy-input-search-with-button"><span class="xy-input-wrapper xy-input-group"><!----><input type="text" class="xy-input"><span class="xy-input-group-addon"><button class="xy-btn xy-btn-primary xy-input-search-button" type="button"><!----><button type="button">ok</button></button></span></span></span>`;
