// Jest Snapshot v1, https://goo.gl/fbAQLP

exports[`Comment Comment can be used as editor, user can customize the editor component. 1`] = `
<div>
  <div class="xy-list xy-list-split">
    <!---->
    <div class="xy-list-header">1 reply</div>
    <div class="xy-spin-nested-loading">
      <!---->
      <div class="xy-spin-container">
        <ul class="xy-list-items">
          <li class="xy-list-item">
            <div class="xy-comment">
              <div class="xy-comment-inner">
                <div class="xy-comment-avatar"><img src="https://zos.alipayobjects.com/rmsportal/ODTLcjxAfvqbxHnVXCYX.png" alt="comment-avatar"></div>
                <div class="xy-comment-content">
                  <div class="xy-comment-content-author"><span class="xy-comment-content-author-name">Han Solo</span><span class="xy-comment-content-author-time">a few seconds ago</span></div>
                  <div class="xy-comment-content-detail">222</div>
                  <!---->
                </div>
              </div>
              <!---->
            </div>
            <!---->
            <!---->
          </li>
        </ul>
      </div>
    </div>
    <!---->
    <!---->
  </div>
  <div class="xy-comment">
    <div class="xy-comment-inner">
      <div class="xy-comment-avatar">
        <!---->
      </div>
      <div class="xy-comment-content">
        <div class="xy-comment-content-author">
          <!---->
          <!---->
        </div>
        <div class="xy-comment-content-detail">
          <div>
            <div class="xy-form-item">
              <div class="xy-row xy-form-row">
                <!---->
                <div class="xy-col xy-form-item-control">
                  <div class="xy-form-item-control-input">
                    <div class="xy-form-item-control-input-content"><textarea rows="4" class="xy-input"></textarea></div>
                  </div>
                  <!---->
                  <!---->
                </div>
              </div>
              <!---->
            </div>
            <div class="xy-form-item">
              <div class="xy-row xy-form-row">
                <!---->
                <div class="xy-col xy-form-item-control">
                  <div class="xy-form-item-control-input">
                    <div class="xy-form-item-control-input-content"><button class="xy-btn xy-btn-primary" type="submit">
                        <!----><span>Add Comment</span>
                      </button></div>
                  </div>
                  <!---->
                  <!---->
                </div>
              </div>
              <!---->
            </div>
          </div>
        </div>
        <!---->
      </div>
    </div>
    <!---->
  </div>
</div>
`;
