// Jest Snapshot v1, https://goo.gl/fbAQLP

exports[`Switch should has click wave effect 1`] = `
<button type="button" role="switch" aria-checked="true" class="xy-switch-checked xy-switch">
  <div class="xy-switch-handle">
    <!---->
  </div><span class="xy-switch-inner"><span class="xy-switch-inner-checked"><!----></span><span class="xy-switch-inner-unchecked"><!----></span></span>
</button>
`;
